
> react-kavia@0.1.0 start
> cross-env EDIT_MODE=true webpack serve --config .ve/webpack.config.js --mode development

<i> [webpack-dev-server] Project is running at:
<i> [webpack-dev-server] Loopback: http://localhost:3000/, http://[::1]:3000/
<i> [webpack-dev-server] On Your Network (IPv4): http://172.17.0.2:3000/
<i> [webpack-dev-server] Content not from webpack is served from './public' directory
Injecting EditorRootWrapper import: ../.ve/EditorRootWrapper
asset bundle.js 1.41 MiB [emitted] (name: main)
asset index.html 1.98 KiB [emitted]
runtime modules 27.5 KiB 14 modules
modules by path ./node_modules/ 1.24 MiB 31 modules
modules by path ./src/ 23.9 KiB
  modules by path ./src/*.css 17.9 KiB 4 modules
  modules by path ./src/*.js 5.98 KiB
    ./src/index.js 530 bytes [built] [code generated]
    ./src/App.js 5.47 KiB [built] [code generated]
modules by path ./.ve/ 15.1 KiB
  modules by path ./.ve/*.js 10.6 KiB 2 modules
  modules by path ./.ve/*.css 2.93 KiB
    ./.ve/EditorOverlay.css 2.25 KiB [built] [code generated]
    ./node_modules/css-loader/dist/cjs.js!./.ve/EditorOverlay.css 697 bytes [built] [code generated]
  ./.ve/EditorOverlay.jsx 1.58 KiB [built] [code generated]
webpack 5.99.9 compiled successfully in 1379 ms
assets by status 1.98 KiB [cached] 1 asset
assets by path *.js 1.42 MiB
  asset bundle.js 1.41 MiB [emitted] (name: main)
  asset main.a2abb36aa4e155b46f96.hot-update.js 16.3 KiB [emitted] [immutable] [hmr] (name: main)
asset main.a2abb36aa4e155b46f96.hot-update.json 28 bytes [emitted] [immutable] [hmr]
Entrypoint main 1.42 MiB = bundle.js 1.41 MiB main.a2abb36aa4e155b46f96.hot-update.js 16.3 KiB
cached modules 1.27 MiB [cached] 41 modules
runtime modules 27.5 KiB 14 modules
./node_modules/css-loader/dist/cjs.js!./src/App.css 13.3 KiB [built] [code generated]
webpack 5.99.9 compiled successfully in 83 ms
assets by status 1.98 KiB [cached] 1 asset
assets by path *.js 1.43 MiB
  asset bundle.js 1.41 MiB [emitted] (name: main)
  asset main.81f4bedbbd6ea59a4002.hot-update.js 17.5 KiB [emitted] [immutable] [hmr] (name: main)
asset main.81f4bedbbd6ea59a4002.hot-update.json 28 bytes [emitted] [immutable] [hmr]
Entrypoint main 1.43 MiB = bundle.js 1.41 MiB main.81f4bedbbd6ea59a4002.hot-update.js 17.5 KiB
cached modules 1.27 MiB [cached] 41 modules
runtime modules 27.5 KiB 14 modules
./node_modules/css-loader/dist/cjs.js!./src/App.css 14.5 KiB [built] [code generated]
webpack 5.99.9 compiled successfully in 65 ms
assets by status 1.98 KiB [cached] 1 asset
assets by path *.js 1.43 MiB
  asset bundle.js 1.41 MiB [emitted] (name: main)
  asset main.89b27a115e382dbfe414.hot-update.js 17.8 KiB [emitted] [immutable] [hmr] (name: main)
asset main.89b27a115e382dbfe414.hot-update.json 28 bytes [emitted] [immutable] [hmr]
Entrypoint main 1.43 MiB = bundle.js 1.41 MiB main.89b27a115e382dbfe414.hot-update.js 17.8 KiB
cached modules 1.27 MiB [cached] 41 modules
runtime modules 27.5 KiB 14 modules
./node_modules/css-loader/dist/cjs.js!./src/App.css 14.8 KiB [built] [code generated]
webpack 5.99.9 compiled successfully in 50 ms
assets by status 1.41 MiB [cached] 2 assets
cached modules 1.27 MiB (javascript) 27.5 KiB (runtime) [cached] 55 modules
./src/App.js 5.47 KiB [built]
webpack 5.99.9 compiled successfully in 66 ms
assets by status 1.98 KiB [cached] 1 asset
assets by path *.js 1.42 MiB
  asset bundle.js 1.41 MiB [emitted] (name: main)
  asset main.ade9733352587c02f6fb.hot-update.js 8.74 KiB [emitted] [immutable] [hmr] (name: main)
asset main.ade9733352587c02f6fb.hot-update.json 28 bytes [emitted] [immutable] [hmr]
Entrypoint main 1.42 MiB = bundle.js 1.41 MiB main.ade9733352587c02f6fb.hot-update.js 8.74 KiB
cached modules 1.27 MiB [cached] 41 modules
runtime modules 27.5 KiB 14 modules
./src/App.js 5.48 KiB [built] [code generated]
webpack 5.99.9 compiled successfully in 60 ms
